Flow report for ARP
Mon Mar 13 13:50:29 2023
Quartus II 64-Bit Version 13.1.0 Build 162 10/23/2013 SJ Web Edition


---------------------
; Table of Contents ;
---------------------
  1. Legal Notice
  2. Flow Summary
  3. Flow Settings
  4. Flow Non-Default Global Settings
  5. Flow Elapsed Time
  6. Flow OS Summary
  7. Flow Log
  8. Flow Messages
  9. Flow Suppressed Messages



----------------
; Legal Notice ;
----------------
Copyright (C) 1991-2013 Altera Corporation
Your use of Altera Corporation's design tools, logic functions 
and other software and tools, and its AMPP partner logic 
functions, and any output files from any of the foregoing 
(including device programming or simulation files), and any 
associated documentation or information are expressly subject 
to the terms and conditions of the Altera Program License 
Subscription Agreement, Altera MegaCore Function License 
Agreement, or other applicable license agreement, including, 
without limitation, that your use is for the sole purpose of 
programming logic devices manufactured by Altera and sold by 
Altera or its authorized distributors.  Please refer to the 
applicable agreement for further details.



+---------------------------------------------------------------------------------+
; Flow Summary                                                                    ;
+------------------------------------+--------------------------------------------+
; Flow Status                        ; Successful - Mon Mar 13 13:50:29 2023      ;
; Quartus II 64-Bit Version          ; 13.1.0 Build 162 10/23/2013 SJ Web Edition ;
; Revision Name                      ; ARP                                        ;
; Top-level Entity Name              ; ARP                                        ;
; Family                             ; Cyclone III                                ;
; Device                             ; EP3C16F484C6                               ;
; Timing Models                      ; Final                                      ;
; Total logic elements               ; 4,121 / 15,408 ( 27 % )                    ;
;     Total combinational functions  ; 3,820 / 15,408 ( 25 % )                    ;
;     Dedicated logic registers      ; 1,402 / 15,408 ( 9 % )                     ;
; Total registers                    ; 1402                                       ;
; Total pins                         ; 110 / 347 ( 32 % )                         ;
; Total virtual pins                 ; 0                                          ;
; Total memory bits                  ; 262,144 / 516,096 ( 51 % )                 ;
; Embedded Multiplier 9-bit elements ; 0 / 112 ( 0 % )                            ;
; Total PLLs                         ; 0 / 4 ( 0 % )                              ;
+------------------------------------+--------------------------------------------+


+-----------------------------------------+
; Flow Settings                           ;
+-------------------+---------------------+
; Option            ; Setting             ;
+-------------------+---------------------+
; Start date & time ; 03/13/2023 13:47:50 ;
; Main task         ; Compilation         ;
; Revision Name     ; ARP                 ;
+-------------------+---------------------+


+-------------------------------------------------------------------------------------------------------------------------------------+
; Flow Non-Default Global Settings                                                                                                    ;
+-----------------------------------------+---------------------------------------+--------------------+-------------+----------------+
; Assignment Name                         ; Value                                 ; Default Value      ; Entity Name ; Section Id     ;
+-----------------------------------------+---------------------------------------+--------------------+-------------+----------------+
; ALLOW_POWER_UP_DONT_CARE                ; Off                                   ; On                 ; --          ; --             ;
; COMPILER_SIGNATURE_ID                   ; 91761331848.167871167020204           ; --                 ; --          ; --             ;
; EDA_GENERATE_FUNCTIONAL_NETLIST         ; Off                                   ; --                 ; --          ; eda_simulation ;
; EDA_NETLIST_WRITER_OUTPUT_DIR           ; C:/projects/ARP/simulation/qsim/      ; --                 ; --          ; eda_simulation ;
; EDA_OUTPUT_DATA_FORMAT                  ; Verilog Hdl                           ; --                 ; --          ; eda_simulation ;
; EDA_SIMULATION_TOOL                     ; ModelSim-Altera (Verilog)             ; <None>             ; --          ; --             ;
; EDA_TIME_SCALE                          ; 1 ps                                  ; --                 ; --          ; eda_simulation ;
; FITTER_EFFORT                           ; Standard Fit                          ; Auto Fit           ; --          ; --             ;
; IP_TOOL_NAME                            ; RAM: 1-PORT                           ; --                 ; --          ; --             ;
; IP_TOOL_VERSION                         ; 13.1                                  ; --                 ; --          ; --             ;
; MAX_CORE_JUNCTION_TEMP                  ; 85                                    ; --                 ; --          ; --             ;
; MIN_CORE_JUNCTION_TEMP                  ; 0                                     ; --                 ; --          ; --             ;
; MISC_FILE                               ; sram/sram.bsf                         ; --                 ; --          ; --             ;
; MISC_FILE                               ; sram/sram_inst.vhd                    ; --                 ; --          ; --             ;
; MISC_FILE                               ; sram/sram.inc                         ; --                 ; --          ; --             ;
; MISC_FILE                               ; sram/sram.cmp                         ; --                 ; --          ; --             ;
; OPTIMIZE_POWER_DURING_FITTING           ; Off                                   ; Normal compilation ; --          ; --             ;
; OPTIMIZE_POWER_DURING_SYNTHESIS         ; Off                                   ; Normal compilation ; --          ; --             ;
; OUTPUT_IO_TIMING_FAR_END_VMEAS          ; Half Signal Swing                     ; --                 ; --          ; --             ;
; OUTPUT_IO_TIMING_FAR_END_VMEAS          ; Half Signal Swing                     ; --                 ; --          ; --             ;
; OUTPUT_IO_TIMING_NEAR_END_VMEAS         ; Half Vccio                            ; --                 ; --          ; --             ;
; OUTPUT_IO_TIMING_NEAR_END_VMEAS         ; Half Vccio                            ; --                 ; --          ; --             ;
; PARTITION_COLOR                         ; 16764057                              ; --                 ; --          ; Top            ;
; PARTITION_FITTER_PRESERVATION_LEVEL     ; PLACEMENT_AND_ROUTING                 ; --                 ; --          ; Top            ;
; PARTITION_NETLIST_TYPE                  ; SOURCE                                ; --                 ; --          ; Top            ;
; PHYSICAL_SYNTHESIS_COMBO_LOGIC          ; On                                    ; Off                ; --          ; --             ;
; PHYSICAL_SYNTHESIS_COMBO_LOGIC_FOR_AREA ; On                                    ; Off                ; --          ; --             ;
; PHYSICAL_SYNTHESIS_EFFORT               ; Extra                                 ; Normal             ; --          ; --             ;
; PHYSICAL_SYNTHESIS_REGISTER_DUPLICATION ; On                                    ; Off                ; --          ; --             ;
; PHYSICAL_SYNTHESIS_REGISTER_RETIMING    ; On                                    ; Off                ; --          ; --             ;
; POWER_BOARD_THERMAL_MODEL               ; None (CONSERVATIVE)                   ; --                 ; --          ; --             ;
; POWER_PRESET_COOLING_SOLUTION           ; 23 MM HEAT SINK WITH 200 LFPM AIRFLOW ; --                 ; --          ; --             ;
; PROJECT_OUTPUT_DIRECTORY                ; output_files                          ; --                 ; --          ; --             ;
; SEARCH_PATH                             ; c:\projects\arp\arithmetic            ; --                 ; --          ; --             ;
; SEARCH_PATH                             ; c:\projects\arp\logic                 ; --                 ; --          ; --             ;
; SEARCH_PATH                             ; c:\projects\arp\registers             ; --                 ; --          ; --             ;
; SEARCH_PATH                             ; c:\projects\arp\constants             ; --                 ; --          ; --             ;
; SEARCH_PATH                             ; c:\projects\arp\rv32i                 ; --                 ; --          ; --             ;
; SEARCH_PATH                             ; c:\projects\arp\gpu                   ; --                 ; --          ; --             ;
; SEARCH_PATH                             ; c:\projects\arp\sram                  ; --                 ; --          ; --             ;
; SEARCH_PATH                             ; c:\projects\arp\ps2                   ; --                 ; --          ; --             ;
; SEARCH_PATH                             ; c:\projects\arp\misc                  ; --                 ; --          ; --             ;
+-----------------------------------------+---------------------------------------+--------------------+-------------+----------------+


+-------------------------------------------------------------------------------------------------------------------------------+
; Flow Elapsed Time                                                                                                             ;
+---------------------------+--------------+-------------------------+---------------------+------------------------------------+
; Module Name               ; Elapsed Time ; Average Processors Used ; Peak Virtual Memory ; Total CPU Time (on all processors) ;
+---------------------------+--------------+-------------------------+---------------------+------------------------------------+
; Analysis & Synthesis      ; 00:00:41     ; 1.0                     ; 4745 MB             ; 00:00:31                           ;
; Fitter                    ; 00:01:33     ; 1.0                     ; 4963 MB             ; 00:01:18                           ;
; Assembler                 ; 00:00:02     ; 1.0                     ; 4601 MB             ; 00:00:02                           ;
; TimeQuest Timing Analyzer ; 00:00:07     ; 1.0                     ; 4710 MB             ; 00:00:05                           ;
; EDA Netlist Writer        ; 00:00:07     ; 1.0                     ; 4604 MB             ; 00:00:05                           ;
; Total                     ; 00:02:30     ; --                      ; --                  ; 00:02:01                           ;
+---------------------------+--------------+-------------------------+---------------------+------------------------------------+


+----------------------------------------------------------------------------------------+
; Flow OS Summary                                                                        ;
+---------------------------+------------------+-----------+------------+----------------+
; Module Name               ; Machine Hostname ; OS Name   ; OS Version ; Processor type ;
+---------------------------+------------------+-----------+------------+----------------+
; Analysis & Synthesis      ; kiclu            ; Windows 7 ; 6.2        ; x86_64         ;
; Fitter                    ; kiclu            ; Windows 7 ; 6.2        ; x86_64         ;
; Assembler                 ; kiclu            ; Windows 7 ; 6.2        ; x86_64         ;
; TimeQuest Timing Analyzer ; kiclu            ; Windows 7 ; 6.2        ; x86_64         ;
; EDA Netlist Writer        ; kiclu            ; Windows 7 ; 6.2        ; x86_64         ;
+---------------------------+------------------+-----------+------------+----------------+


------------
; Flow Log ;
------------
quartus_map --read_settings_files=on --write_settings_files=off ARP -c ARP
quartus_fit --read_settings_files=off --write_settings_files=off ARP -c ARP
quartus_asm --read_settings_files=off --write_settings_files=off ARP -c ARP
quartus_sta ARP -c ARP
quartus_eda --read_settings_files=off --write_settings_files=off ARP -c ARP



